// Jest Snapshot v1, https://goo.gl/fbAQLP

exports[`Test snapshot 1`] = `
<PageSidebar
  nav={
    <Nav
      aria-label="Nav"
      id="nav-primary-simple"
      onSelect={[Function]}
      onToggle={[Function]}
      theme="dark"
    >
      <NavGroup
        title="General"
      >
        <NavItem>
          <ForwardRef
            activeClassName="pf-m-current"
            to="/organizations"
          >
            Organizaciones
          </ForwardRef>
        </NavItem>
        <NavItem>
          <UNDEFINED
            activeClassName="pf-m-current"
            to="/server/org/:organizationId/keys"
          >
            Certificados
          </UNDEFINED>
        </NavItem>
      </NavGroup>
      <NavGroup
        title="AplicaciÃ³n"
      >
        <NavItem>
          <UNDEFINED
            activeClassName="pf-m-current"
            to="/server/org/:organizationId/documents"
          >
            Documentos
          </UNDEFINED>
        </NavItem>
      </NavGroup>
    </Nav>
  }
  theme="dark"
/>
`;
